
[44m[97m {Empire Status   } : [name                        ]          [0m

  [48;5;233m[97m³ {      Turns} ³ {      Score} ³ {       Gold} ³[0m[48;5;238m [0m
  [48;5;236m[97m³ [turns      ] ³ [score      ] ³ [gold       ] ³[0m[48;5;238m [0m
  [48;5;233m[97m³ {       Bank} ³ {       Food} ³ {       Debt} ³[0m[48;5;238m [0m
  [48;5;236m[97m³ [bank       ] ³ [food       ] ³ [debt       ] ³[0m[48;5;238m [0m

  [37m{Population      }[96m[population ] [37m({Tax Rate      } [tax ])[0m
  [37m{Popular Support }[96m[support][0m
  [37m{Military Morale }[96m[morale][0m
  [37m{Headquarters    }[96m[hq              ][0m
  [37m{SDI             }[96m[sdi ][0m
