
  [97m{Military      }[0m
  [48;5;233m[97m³ {     Troopers} ³ {         Jets} ³ {      Turrets} ³ {        Tanks} ³[0m[48;5;238m [0m
  [48;5;236m[97m³ [troopers     ] ³ [jets         ] ³ [turrets      ] ³ [tanks        ] ³[0m[48;5;238m [0m
  [48;5;233m[97m³ {      Bombers} ³ {     Carriers} ³ {       Agents} ³[0m[48;5;238m [0m
  [48;5;236m[97m³ [bombers      ] ³ [carriers     ] ³ [agents       ] ³[0m[48;5;238m [0m

  [97m{Regions       }[0m
  [48;5;233m[97m³ {      Coastal} ³ {     Mountain} ³ {       Desert} ³ {        River} ³[0m[48;5;238m [0m
  [48;5;236m[97m³ [coastal      ] ³ [mountain     ] ³ [desert       ] ³ [river        ] ³[0m[48;5;238m [0m
  [48;5;233m[97m³ { Agricultural} ³ {        Urban} ³ {   Industrial} ³ {   Technology} ³[0m[48;5;238m [0m
  [48;5;236m[97m³ [agricultural ] ³ [urban        ] ³ [industrial   ] ³ [technology   ] ³[0m[48;5;238m [0m

  [37m{Protection      }[96m[protection][0m
  [34mÄÄÄÄÄÄÄÄÄÄÄÄÄÄÄÄÄÄÄÄÄÄÄÄÄÄÄÄÄÄÄÄÄÄÄÄÄÄÄÄÄÄÄÄÄÄÄÄÄÄÄÄÄÄÄÄÄÄÄÄ[0m
